---
source: socrates-md/src/lib.rs
expression: "snapshot(\"./testdata/tests/test.markdown\")"
---
MarkdownFile {
    content: "# this is test 0\r\n",
    path: "./testdata/tests/test.markdown",
}
