---
source: socrates-md/src/lib.rs
expression: "snapshot(\"./testdata/tests/test1.MARKDOWN\")"
---
MarkdownFile {
    content: "# this is test 1\r\n",
    path: "./testdata/tests/test1.markdown",
}
