---
source: bismuth-html/src/render/mod.rs
expression: "snapshot(\"***test?***\")"
---
<!DOCTYPE html>
<html lang="">

<head>
    <meta charset="utf-8">
    <meta http-equiv="X-UA-Compatible" content="IE=edge">
    <meta name="viewport" content="width=device-width,initial-scale=1.0">
    <meta name="head:count" content="4">
    <link rel="stylesheet" href="/assets/css/colors.css">
    <link rel="stylesheet" href="/assets/css/base.css">
    <title>test</title>
</head>

<body>
    <div class="content">
        <div class="inner">
            <b><i>test?</i></b>



        </div>
    </div>
    
    
    
</body>

</html>

