---
source: bismuth-parser/src/fontmatter.rs
expression: "format!(\"{:#?}\", fm)"
---
FontMatter {
    title: Some(
        "this is a title",
    ),
    path: Some(
        "/path/test",
    ),
    kind: Some(
        "This is another test",
    ),
    values: None,
}
