---
source: socrates-md/src/lib.rs
expression: "format!(\"{:?}\", snapshot)"
---
MarkdownFile { content: "# this is test 1\r\n", path: "./testdata/tests/test1.MARKDOWN" }
