---
source: socrates-parser/src/custom.rs
expression: "snapshot(\"name: me\\nvalue: not a key\")"
---
CustomElm {
    name: "me",
    values: {
        "value": "not a key",
    },
    body: None,
}
